producer_class	xtools.gsea.Gsea
producer_timestamp	1670849388997
param	zip_report	false
param	num	100
param	scoring_scheme	weighted
param	norm	meandiv
param	out	/Users/lxc844/github/rna-seq/AB/results/gsea
param	mode	Max_probe
param	include_only_symbols	true
param	set_max	500
param	gmx	ftp.broadinstitute.org://pub/gsea/msigdb/human/gene_sets/c5.go.bp.v2022.1.Hs.symbols.gmt
param	plot_top_x	20
param	nperm	1000
param	order	descending
param	rnd_seed	timestamp
param	rpt_label	IR_DMSO_versus_NonIR_DMSO
param	set_min	15
param	res	/Users/lxc844/github/rna-seq/AB/results/expression.gct
param	chip	ftp.broadinstitute.org://pub/gsea/msigdb/human/annotations/Human_Gene_Symbol_with_Remapping_MSigDB.v2022.1.Hs.chip
param	create_svgs	false
param	cls	/Users/lxc844/github/rna-seq/AB/results/group.cls#IR_DMSO_versus_NonIR_DMSO
param	sort	real
param	create_gcts	false
param	help	false
param	save_rnd_lists	false
param	median	false
param	metric	Signal2Noise
param	make_sets	true
param	rnd_type	no_balance
param	gui	false
param	permute	gene_set
param	collapse	Collapse

file	/Users/lxc844/github/rna-seq/AB/results/gsea/IR_DMSO_versus_NonIR_DMSO.Gsea.1670849388997/index.html
